// Jest Snapshot v1, https://goo.gl/fbAQLP

exports[`Footer should match snapshot 1`] = `
<div>
  <button
    id="fabbtt"
    title="Go to top"
  >
    Back to Top
  </button>
</div>
`;
